23-05-2026 11:49:29 - ERROR - [ERROR] Invalid Token Error encountered. Please Login Successfully and Try Again.
Error Details: 
Traceback (most recent call last):
  File "/home/victus7/Desktop/Personal-Project/AirPollution/scripts/mdapi.py", line 738, in refresh_access_token
    response.raise_for_status()
  File "/home/victus7/Desktop/Personal-Project/AirPollution/.venv/lib/python3.12/site-packages/requests/models.py", line 1167, in raise_for_status
    raise HTTPError(http_error_msg, response=self)
requests.exceptions.HTTPError: 401 Client Error: UNAUTHORIZED for url: https://mosdac.gov.in/download_api/refresh-token
23-05-2026 11:49:29 - ERROR - 
There was an Error encountered to Refresh Access Token due to Invalid Refresh Token provided, and hence, Download cannot proceed.
23-05-2026 11:49:32 - ERROR - There was an Error encountered regarding the Validation of 'username' in Logout.
Error Details: No Active Session found for this user.
Solution: Please make sure you use the Correct Username associated with your MOSDAC account.
23-05-2026 12:21:32 - ERROR - [ERROR] Invalid Token Error encountered. Please Login Successfully and Try Again.
Error Details: 
Traceback (most recent call last):
  File "/home/victus7/Desktop/Personal-Project/AirPollution/scripts/mdapi.py", line 738, in refresh_access_token
    response.raise_for_status()
  File "/home/victus7/Desktop/Personal-Project/AirPollution/.venv/lib/python3.12/site-packages/requests/models.py", line 1167, in raise_for_status
    raise HTTPError(http_error_msg, response=self)
requests.exceptions.HTTPError: 401 Client Error: UNAUTHORIZED for url: https://mosdac.gov.in/download_api/refresh-token
23-05-2026 12:21:32 - ERROR - 
There was an Error encountered to Refresh Access Token due to Invalid Refresh Token provided, and hence, Download cannot proceed.
23-05-2026 12:21:35 - ERROR - There was an Error encountered regarding the Validation of 'username' in Logout.
Error Details: No Active Session found for this user.
Solution: Please make sure you use the Correct Username associated with your MOSDAC account.
